hsuma@plnx-admin:~/haj/ansible-setup-hosts$ ansible all -i inventory -m ping -u deploy -b
/usr/lib/python3/dist-packages/paramiko/pkey.py:82: CryptographyDeprecationWarning: TripleDES has been moved to cryptography.hazmat.decrepit.ciphers.algorithms.TripleDES and will be removed from this module in 48.0.0.
  "cipher": algorithms.TripleDES,
/usr/lib/python3/dist-packages/paramiko/transport.py:237: CryptographyDeprecationWarning: Blowfish has been moved to cryptography.hazmat.decrepit.ciphers.algorithms.Blowfish and will be removed from this module in 45.0.0.
  "class": algorithms.Blowfish,
/usr/lib/python3/dist-packages/paramiko/transport.py:261: CryptographyDeprecationWarning: TripleDES has been moved to cryptography.hazmat.decrepit.ciphers.algorithms.TripleDES and will be removed from this module in 48.0.0.
  "class": algorithms.TripleDES,
10.168.0.58 | UNREACHABLE! => {
    "changed": false,
    "msg": "Failed to create temporary directory. In some cases, you may have been able to authenticate and did not have permissions on the target directory. Consider changing the remote tmp path in ansible.cfg to a path rooted in \"/tmp\", for more error information use -vvv. Failed command was: ( umask 77 && mkdir -p \"` echo /opt/home/deploy/.ansible/tmp `\"&& mkdir \"` echo /opt/home/deploy/.ansible/tmp/ansible-tmp-1740151748.7210371-417994-227885817154154 `\" && echo ansible-tmp-1740151748.7210371-417994-227885817154154=\"` echo /opt/home/deploy/.ansible/tmp/ansible-tmp-1740151748.7210371-417994-227885817154154 `\" ), exited with result 1",
    "unreachable": true
}
hsuma@plnx-admin:~/haj/ansible-setup-hosts$ ansible all -i inventory -m ping -u depl


hsuma@plnx-admin:~/haj/ansible-setup-hosts$ ansible all -i inventory -m ping -u deploy -b
/usr/lib/python3/dist-packages/paramiko/pkey.py:82: CryptographyDeprecationWarning: TripleDES has been moved to cryptography.hazmat.decrepit.ciphers.algorithms.TripleDES and will be removed from this module in 48.0.0.
  "cipher": algorithms.TripleDES,
/usr/lib/python3/dist-packages/paramiko/transport.py:237: CryptographyDeprecationWarning: Blowfish has been moved to cryptography.hazmat.decrepit.ciphers.algorithms.Blowfish and will be removed from this module in 45.0.0.
  "class": algorithms.Blowfish,
/usr/lib/python3/dist-packages/paramiko/transport.py:261: CryptographyDeprecationWarning: TripleDES has been moved to cryptography.hazmat.decrepit.ciphers.algorithms.TripleDES and will be removed from this module in 48.0.0.
  "class": algorithms.TripleDES,
[WARNING]: Unhandled error in Python interpreter discovery for host 10.168.0.58: Expecting value: line 1 column 1 (char 0)
10.168.0.58 | FAILED! => {
    "msg": "Missing sudo password"
}
hsuma@plnx-admin:~/haj/ansible-setup-hosts$ 


hsuma@plnx-admin:~/haj/ansible-setup-hosts$ ansible all -i inventory -m ping -u deploy -b
/usr/lib/python3/dist-packages/paramiko/pkey.py:82: CryptographyDeprecationWarning: TripleDES has been moved to cryptography.hazmat.decrepit.ciphers.algorithms.TripleDES and will be removed from this module in 48.0.0.
  "cipher": algorithms.TripleDES,
/usr/lib/python3/dist-packages/paramiko/transport.py:237: CryptographyDeprecationWarning: Blowfish has been moved to cryptography.hazmat.decrepit.ciphers.algorithms.Blowfish and will be removed from this module in 45.0.0.
  "class": algorithms.Blowfish,
/usr/lib/python3/dist-packages/paramiko/transport.py:261: CryptographyDeprecationWarning: TripleDES has been moved to cryptography.hazmat.decrepit.ciphers.algorithms.TripleDES and will be removed from this module in 48.0.0.
  "class": algorithms.TripleDES,
[WARNING]: Unhandled error in Python interpreter discovery for host 10.168.0.58: Expecting value: line 1 column 1 (char 0)
An exception occurred during task execution. To see the full traceback, use -vvv. The error was: SyntaxError: future feature annotations is not defined
[WARNING]: Platform linux on host 10.168.0.58 is using the discovered Python interpreter at /usr/bin/python3, but future installation of another Python
interpreter could change the meaning of that path. See https://docs.ansible.com/ansible-core/2.17/reference_appendices/interpreter_discovery.html for
more information.
10.168.0.58 | FAILED! => {
    "ansible_facts": {
        "discovered_interpreter_python": "/usr/bin/python3"
    },
    "changed": false,
    "module_stderr": "Shared connection to 10.168.0.58 closed.\r\n",
    "module_stdout": "Traceback (most recent call last):\r\n  File \"/opt/home/deploy/.ansible/tmp/ansible-tmp-1740152345.0802152-418170-277659243960983/AnsiballZ_ping.py\", line 107, in <module>\r\n    _ansiballz_main()\r\n  File \"/opt/home/deploy/.ansible/tmp/ansible-tmp-1740152345.0802152-418170-277659243960983/AnsiballZ_ping.py\", line 99, in _ansiballz_main\r\n    invoke_module(zipped_mod, temp_path, ANSIBALLZ_PARAMS)\r\n  File \"/opt/home/deploy/.ansible/tmp/ansible-tmp-1740152345.0802152-418170-277659243960983/AnsiballZ_ping.py\", line 44, in invoke_module\r\n    from ansible.module_utils import basic\r\n  File \"<frozen importlib._bootstrap>\", line 971, in _find_and_load\r\n  File \"<frozen importlib._bootstrap>\", line 951, in _find_and_load_unlocked\r\n  File \"<frozen importlib._bootstrap>\", line 894, in _find_spec\r\n  File \"<frozen importlib._bootstrap_external>\", line 1157, in find_spec\r\n  File \"<frozen importlib._bootstrap_external>\", line 1131, in _get_spec\r\n  File \"<frozen importlib._bootstrap_external>\", line 1112, in _legacy_get_spec\r\n  File \"<frozen importlib._bootstrap>\", line 441, in spec_from_loader\r\n  File \"<frozen importlib._bootstrap_external>\", line 544, in spec_from_file_location\r\n  File \"/tmp/ansible_ping_payload_o4qr2fux/ansible_ping_payload.zip/ansible/module_utils/basic.py\", line 5\r\nSyntaxError: future feature annotations is not defined\r\n",
    "msg": "MODULE FAILURE\nSee stdout/stderr for the exact error",
    "rc": 1
}
hsuma@plnx-admin:~/haj/ansible-setup-hosts$ 


hsuma@plnx-admin:~/haj/ansible-setup-hosts$ ansible all -i inventory -m ping -u deploy -b
/usr/lib/python3/dist-packages/paramiko/pkey.py:82: CryptographyDeprecationWarning: TripleDES has been moved to cryptography.hazmat.decrepit.ciphers.algorithms.TripleDES and will be removed from this module in 48.0.0.
  "cipher": algorithms.TripleDES,
/usr/lib/python3/dist-packages/paramiko/transport.py:237: CryptographyDeprecationWarning: Blowfish has been moved to cryptography.hazmat.decrepit.ciphers.algorithms.Blowfish and will be removed from this module in 45.0.0.
  "class": algorithms.Blowfish,
/usr/lib/python3/dist-packages/paramiko/transport.py:261: CryptographyDeprecationWarning: TripleDES has been moved to cryptography.hazmat.decrepit.ciphers.algorithms.TripleDES and will be removed from this module in 48.0.0.
  "class": algorithms.TripleDES,
[WARNING]: Platform linux on host 10.168.0.58 is using the discovered Python interpreter at /usr/bin/python3.11, but future installation of another
Python interpreter could change the meaning of that path. See https://docs.ansible.com/ansible-
core/2.17/reference_appendices/interpreter_discovery.html for more information.
10.168.0.58 | SUCCESS => {
    "ansible_facts": {
        "discovered_interpreter_python": "/usr/bin/python3.11"
    },
    "changed": false,
    "ping": "pong"
}
hsuma@plnx-admin:~/haj/ansible-setup-hosts$ 
