deploy@ipa-ubuntu-testvm:~/Downloads$ df -h
Filesystem                         Size  Used Avail Use% Mounted on
tmpfs                              795M  1.9M  793M   1% /run
/dev/mapper/ubuntu--vg-ubuntu--lv   46G   12G   33G  27% /
tmpfs                              3.9G     0  3.9G   0% /dev/shm
tmpfs                              5.0M     0  5.0M   0% /run/lock
efivarfs                           256K   63K  189K  25% /sys/firmware/efi/efivars
/dev/sda2                          2.0G  103M  1.7G   6% /boot
/dev/sda1                          1.1G  6.2M  1.1G   1% /boot/efi
tmpfs                              795M  140K  794M   1% /run/user/1001
/dev/sr0                           5.8G  5.8G     0 100% /media/deploy/Ubuntu 24.04.1 LTS amd64
tmpfs                              795M  116K  794M   1% /run/user/1000
deploy@ipa-ubuntu-testvm:~/Downloads$ sudo /media/deploy/Ubuntu\ 24.04.1\ LTS\ amd64/ /mnt/iso
sudo: /media/deploy/Ubuntu 24.04.1 LTS amd64/: command not found
deploy@ipa-ubuntu-testvm:~/Downloads$ sudo "/media/deploy/Ubuntu\ 24.04.1\ LTS\ amd64/" /mnt/iso
sudo: /media/deploy/Ubuntu\ 24.04.1\ LTS\ amd64/: command not found
deploy@ipa-ubuntu-testvm:~/Downloads$ 
deploy@ipa-ubuntu-testvm:~/Downloads$


deploy@ipa-ubuntu-testvm:~/Downloads$ sudo "/media/deploy/Ubuntu\ 24^C4.1\ LTS\ amd64/" /mnt/iso
deploy@ipa-ubuntu-testvm:~/Downloads$ sudo mount -o loop "/media/deploy/Ubuntu 24.04.1 LTS amd64" /mnt/iso
mount: /mnt/iso: failed to setup loop device for /media/deploy/Ubuntu 24.04.1 LTS amd64.
deploy@ipa-ubuntu-testvm:~/Downloads$ 


Hi, Haj
                I was helping one CDC users with his IPA linux password expiration issue.
 
                User: Jacky Zheng
                Username: jzheng
 
                I saw the password has been reset by Anjali yesterday, but when I checked on multiple IPA servers today:
NAN/PET/CPEG IPA server has his latest Password expiration 2026-02-24 06:08:32Z.
But RIC/MIN IPA server still showed with Password expiration 2024-12-21 09:56:14Z.
SJC IPA server showed with “Internal Server Error”.
 
Looks like there have some sync issues between IPA servers: CPEG -> PET, CPEG ->NAN are good, but CPEP -> RIC/MIN, NAN-> CPEG/PET/PET/MIN/RIC got issues.
 
Can you double check the IPA environment?
